[01:12:54] 🟢 Slack 봇 시작 — 모델: 렘브란트 맵 페르소나 설정 따름
[01:12:54] [READY] Slack bot started
[01:23:43] 🟢 Slack 봇 시작 — 모델: 렘브란트 맵 페르소나 설정 따름
[01:23:43] [READY] Slack bot started
[01:25:13] [쿼리정제] '25년도 디렉터 피드백을 기반으로 점령전 레벨 디자인에서 지켜야 하는 포' → '25년도 디렉터 피드백을 기반으로 점령전 레벨 디자인에서 지켜야 하는 포'
[01:25:14] [Slack] PM: 25년도 디렉터 피드백을 기반으로 점령전 레벨 디자인에서 지켜야 하는 포인트들 정리해줘
[01:25:14] [0.3s] [RAG] Electron /ask 호출 중...
[01:27:59] 🟢 Slack 봇 시작 — 모델: 렘브란트 맵 페르소나 설정 따름
[01:27:59] [READY] Slack bot started
[01:28:37] [쿼리정제] '25년도 디렉터 피드백을 기반으로 점령전 레벨 디자인에서 지켜야 하는 포' → '25년도 디렉터 피드백을 기반으로 점령전 레벨 디자인에서 지켜야 하는 포'
[01:28:38] [Slack] PM: 25년도 디렉터 피드백을 기반으로 점령전 레벨 디자인에서 지켜야 하는 포인트들 정리해줘
[01:28:39] [0.5s] [RAG] Electron /ask 호출 중...
[01:32:07] 🟢 Slack 봇 시작 — 모델: 렘브란트 맵 페르소나 설정 따름
[01:32:07] [READY] Slack bot started
[01:32:28] [쿼리정제] '25년도 디렉터 피드백을 기반으로 점령전 레벨 디자인에서 지켜야 하는 포' → '25년도 디렉터 피드백을 기반으로 점령전 레벨 디자인에서 지켜야 하는 포'
[01:32:30] [Slack] PM: 25년도 디렉터 피드백을 기반으로 점령전 레벨 디자인에서 지켜야 하는 포인트들 정리해줘
[01:32:31] [0.4s] [RAG] Electron /ask 호출 중...
[01:33:39] [68.3s] [RAG] Electron /ask 성공 (2566자)
[01:33:39] [68.3s] [Image] 자동 이미지 3개
[01:33:39] [68.3s] [완료] 답변 2674자 전송
[01:33:39] [chat_update] 실패 (The request to the Slack API failed. (url: https://slack.com/api/chat.update)
[01:33:39] The server responded with: {'ok': False, 'error': 'msg_too_long'}), say 폴백
[01:33:41] [Image] 업로드 실패 (프로젝트 A_ M12_레이드보스_우로보_레벨 구조_p2_1.png): HTTPSConnectionPool(host='files.slack.com', port=443): Max retries exceeded with url: /upload/v1/CwABAAAAXAoAAbHRKPT1mjdNCgACGKcA8tl8UhgMAAMLAAEAAAALRTA3RzJQV0g3UkQLAAIAAAALVTBBSjcxRUUzU1QLAAMAAAALRjBBVFdNVkU3OFIACgAEAAAAAAAADeUACwACAAAAFOE-lmlDItQntYhsOP67S70n94rYAA (Caused by SSLError(SSLCertVerificationError(1, '[SSL: CERTIFICATE_VERIFY_FAILED] certificate verify failed: unable to get local issuer certificate (_ssl.c:1010)')))
[01:33:43] [Image] 업로드 실패 (프로젝트 A_ M12_레이드보스_우로보_레벨 구조_p2_2.png): HTTPSConnectionPool(host='files.slack.com', port=443): Max retries exceeded with url: /upload/v1/CwABAAAAXAoAAeBoKwimAQVLCgACGKcA8xQXkiAMAAMLAAEAAAALRTA3RzJQV0g3UkQLAAIAAAALVTBBSjcxRUUzU1QLAAMAAAALRjBBVUMzQzJaUTgACgAEAAAAAAAADeUACwACAAAAFBrSGLzFRjpyM6PZ9n43u8VcHjJhAA (Caused by SSLError(SSLCertVerificationError(1, '[SSL: CERTIFICATE_VERIFY_FAILED] certificate verify failed: unable to get local issuer certificate (_ssl.c:1010)')))
[01:33:45] [Image] 업로드 실패 (프로젝트 A_ M12_레이드보스_우로보_레벨 구조_p2_3.png): HTTPSConnectionPool(host='files.slack.com', port=443): Max retries exceeded with url: /upload/v1/CwABAAAAXAoAAUDCvN17zjkPCgACGKcA84XJ5OAMAAMLAAEAAAALRTA3RzJQV0g3UkQLAAIAAAALVTBBSjcxRUUzU1QLAAMAAAALRjBBVUMzRDBFRUwACgAEAAAAAAAAMFsACwACAAAAFDcasGFhcwaHBPLvBJO4h2DtMEqFAA (Caused by SSLError(SSLCertVerificationError(1, '[SSL: CERTIFICATE_VERIFY_FAILED] certificate verify failed: unable to get local issuer certificate (_ssl.c:1010)')))
[10:06:40] 🟢 Slack 봇 시작 — 모델: 렘브란트 맵 페르소나 설정 따름
[10:06:40] [READY] Slack bot started
