[00:00:03] [ERR] Failed to check the state of sock (session id: 1ac5a31b-c2a3-4d24-a862-7f4f4b355a4b, error: SSLError, message: [SSL: BAD_LENGTH] bad length (_ssl.c:2427))
[00:00:54] [ERR] Failed to check the state of sock (session id: f78c5e8c-4e31-4b9c-8572-a731fff88034, error: SSLEOFError, message: EOF occurred in violation of protocol (_ssl.c:2427))
[00:01:04] [ERR] Failed to check the state of sock (session id: f78c5e8c-4e31-4b9c-8572-a731fff88034, error: SSLEOFError, message: EOF occurred in violation of protocol (_ssl.c:2427))
[00:01:14] [ERR] Failed to check the state of sock (session id: f78c5e8c-4e31-4b9c-8572-a731fff88034, error: SSLEOFError, message: EOF occurred in violation of protocol (_ssl.c:2427))
[00:01:24] [ERR] Failed to check the state of sock (session id: f78c5e8c-4e31-4b9c-8572-a731fff88034, error: SSLEOFError, message: EOF occurred in violation of protocol (_ssl.c:2427))
[00:01:34] [ERR] Failed to check the state of sock (session id: f78c5e8c-4e31-4b9c-8572-a731fff88034, error: SSLEOFError, message: EOF occurred in violation of protocol (_ssl.c:2427))
[00:02:45] [ERR] Failed to check the state of sock (session id: 0fa094f7-2628-489f-a637-d96402010417, error: SSLEOFError, message: EOF occurred in violation of protocol (_ssl.c:2427))
[00:02:55] [ERR] Failed to check the state of sock (session id: 0fa094f7-2628-489f-a637-d96402010417, error: SSLEOFError, message: EOF occurred in violation of protocol (_ssl.c:2427))
[00:03:05] [ERR] Failed to check the state of sock (session id: 0fa094f7-2628-489f-a637-d96402010417, error: SSLError, message: [SSL: BAD_LENGTH] bad length (_ssl.c:2427))
[00:03:15] [ERR] Failed to check the state of sock (session id: 0fa094f7-2628-489f-a637-d96402010417, error: SSLEOFError, message: EOF occurred in violation of protocol (_ssl.c:2427))
[00:03:25] [ERR] Failed to check the state of sock (session id: 0fa094f7-2628-489f-a637-d96402010417, error: SSLEOFError, message: EOF occurred in violation of protocol (_ssl.c:2427))
[00:04:56] [ERR] Failed to check the state of sock (session id: f44e5217-8a9b-434e-b0c8-9a07cdabd281, error: SSLEOFError, message: EOF occurred in violation of protocol (_ssl.c:2427))
[00:05:06] [ERR] Failed to check the state of sock (session id: f44e5217-8a9b-434e-b0c8-9a07cdabd281, error: SSLEOFError, message: EOF occurred in violation of protocol (_ssl.c:2427))
[00:05:16] [ERR] Failed to check the state of sock (session id: f44e5217-8a9b-434e-b0c8-9a07cdabd281, error: SSLError, message: [SSL: BAD_LENGTH] bad length (_ssl.c:2427))
[00:05:26] [ERR] Failed to check the state of sock (session id: f44e5217-8a9b-434e-b0c8-9a07cdabd281, error: SSLEOFError, message: EOF occurred in violation of protocol (_ssl.c:2427))
[00:05:36] [ERR] Failed to check the state of sock (session id: f44e5217-8a9b-434e-b0c8-9a07cdabd281, error: SSLEOFError, message: EOF occurred in violation of protocol (_ssl.c:2427))
[00:06:57] [ERR] Failed to check the state of sock (session id: e5e16aa3-260b-40b3-8748-319d4ef1843a, error: SSLEOFError, message: EOF occurred in violation of protocol (_ssl.c:2427))
[00:07:07] [ERR] Failed to check the state of sock (session id: e5e16aa3-260b-40b3-8748-319d4ef1843a, error: SSLEOFError, message: EOF occurred in violation of protocol (_ssl.c:2427))
[00:07:17] [ERR] Failed to check the state of sock (session id: e5e16aa3-260b-40b3-8748-319d4ef1843a, error: SSLEOFError, message: EOF occurred in violation of protocol (_ssl.c:2427))
[00:07:27] [ERR] Failed to check the state of sock (session id: e5e16aa3-260b-40b3-8748-319d4ef1843a, error: SSLEOFError, message: EOF occurred in violation of protocol (_ssl.c:2427))
[00:07:37] [ERR] Failed to check the state of sock (session id: e5e16aa3-260b-40b3-8748-319d4ef1843a, error: SSLEOFError, message: EOF occurred in violation of protocol (_ssl.c:2427))
[00:08:48] [ERR] Failed to check the state of sock (session id: f51da40d-3deb-4010-92b1-82b4484959bf, error: SSLEOFError, message: EOF occurred in violation of protocol (_ssl.c:2427))
[00:08:58] [ERR] Failed to check the state of sock (session id: f51da40d-3deb-4010-92b1-82b4484959bf, error: SSLEOFError, message: EOF occurred in violation of protocol (_ssl.c:2427))
[00:09:08] [ERR] Failed to check the state of sock (session id: f51da40d-3deb-4010-92b1-82b4484959bf, error: SSLEOFError, message: EOF occurred in violation of protocol (_ssl.c:2427))
[00:09:18] [ERR] Failed to check the state of sock (session id: f51da40d-3deb-4010-92b1-82b4484959bf, error: SSLEOFError, message: EOF occurred in violation of protocol (_ssl.c:2427))
[00:09:28] [ERR] Failed to check the state of sock (session id: f51da40d-3deb-4010-92b1-82b4484959bf, error: SSLEOFError, message: EOF occurred in violation of protocol (_ssl.c:2427))
[00:10:29] [ERR] Failed to check the state of sock (session id: 778044d3-4caf-4774-a819-cb1a8a4e3768, error: SSLEOFError, message: EOF occurred in violation of protocol (_ssl.c:2427))
[00:10:39] [ERR] Failed to check the state of sock (session id: 778044d3-4caf-4774-a819-cb1a8a4e3768, error: SSLError, message: [SSL: BAD_LENGTH] bad length (_ssl.c:2427))
[00:10:49] [ERR] Failed to check the state of sock (session id: 778044d3-4caf-4774-a819-cb1a8a4e3768, error: SSLError, message: [SSL: BAD_LENGTH] bad length (_ssl.c:2427))
[00:10:59] [ERR] Failed to check the state of sock (session id: 778044d3-4caf-4774-a819-cb1a8a4e3768, error: SSLEOFError, message: EOF occurred in violation of protocol (_ssl.c:2427))
[00:11:09] [ERR] Failed to check the state of sock (session id: 778044d3-4caf-4774-a819-cb1a8a4e3768, error: SSLEOFError, message: EOF occurred in violation of protocol (_ssl.c:2427))
[00:12:30] [ERR] Failed to check the state of sock (session id: 12a665bf-ef7b-44df-af75-ce6263a269d3, error: SSLEOFError, message: EOF occurred in violation of protocol (_ssl.c:2427))
[00:12:40] [ERR] Failed to check the state of sock (session id: 12a665bf-ef7b-44df-af75-ce6263a269d3, error: SSLEOFError, message: EOF occurred in violation of protocol (_ssl.c:2427))
[00:12:50] [ERR] Failed to check the state of sock (session id: 12a665bf-ef7b-44df-af75-ce6263a269d3, error: SSLEOFError, message: EOF occurred in violation of protocol (_ssl.c:2427))
[00:13:00] [ERR] Failed to check the state of sock (session id: 12a665bf-ef7b-44df-af75-ce6263a269d3, error: SSLEOFError, message: EOF occurred in violation of protocol (_ssl.c:2427))
[00:13:10] [ERR] Failed to check the state of sock (session id: 12a665bf-ef7b-44df-af75-ce6263a269d3, error: SSLEOFError, message: EOF occurred in violation of protocol (_ssl.c:2427))
[00:14:41] [ERR] Failed to check the state of sock (session id: 2c906e00-cae2-4295-8ec4-33273456b821, error: SSLEOFError, message: EOF occurred in violation of protocol (_ssl.c:2427))
[00:14:51] [ERR] Failed to check the state of sock (session id: 2c906e00-cae2-4295-8ec4-33273456b821, error: SSLEOFError, message: EOF occurred in violation of protocol (_ssl.c:2427))
[00:15:01] [ERR] Failed to check the state of sock (session id: 2c906e00-cae2-4295-8ec4-33273456b821, error: SSLEOFError, message: EOF occurred in violation of protocol (_ssl.c:2427))
[00:15:11] [ERR] Failed to check the state of sock (session id: 2c906e00-cae2-4295-8ec4-33273456b821, error: SSLEOFError, message: EOF occurred in violation of protocol (_ssl.c:2427))
[00:15:21] [ERR] Failed to check the state of sock (session id: 2c906e00-cae2-4295-8ec4-33273456b821, error: SSLEOFError, message: EOF occurred in violation of protocol (_ssl.c:2427))
[00:16:52] [ERR] Failed to check the state of sock (session id: f3bdd6e1-58b0-41a1-9d7d-80137fd13755, error: SSLEOFError, message: EOF occurred in violation of protocol (_ssl.c:2427))
[00:17:02] [ERR] Failed to check the state of sock (session id: f3bdd6e1-58b0-41a1-9d7d-80137fd13755, error: SSLError, message: [SSL: BAD_LENGTH] bad length (_ssl.c:2427))
[00:17:12] [ERR] Failed to check the state of sock (session id: f3bdd6e1-58b0-41a1-9d7d-80137fd13755, error: SSLEOFError, message: EOF occurred in violation of protocol (_ssl.c:2427))
[00:17:22] [ERR] Failed to check the state of sock (session id: f3bdd6e1-58b0-41a1-9d7d-80137fd13755, error: SSLEOFError, message: EOF occurred in violation of protocol (_ssl.c:2427))
[00:17:32] [ERR] Failed to check the state of sock (session id: f3bdd6e1-58b0-41a1-9d7d-80137fd13755, error: SSLEOFError, message: EOF occurred in violation of protocol (_ssl.c:2427))
[00:19:03] [ERR] Failed to check the state of sock (session id: e69670ee-a9de-4511-a635-29243048f638, error: SSLEOFError, message: EOF occurred in violation of protocol (_ssl.c:2427))
[00:19:13] [ERR] Failed to check the state of sock (session id: e69670ee-a9de-4511-a635-29243048f638, error: SSLEOFError, message: EOF occurred in violation of protocol (_ssl.c:2427))
[00:19:23] [ERR] Failed to check the state of sock (session id: e69670ee-a9de-4511-a635-29243048f638, error: SSLEOFError, message: EOF occurred in violation of protocol (_ssl.c:2427))
[00:19:33] [ERR] Failed to check the state of sock (session id: e69670ee-a9de-4511-a635-29243048f638, error: SSLError, message: [SSL: BAD_LENGTH] bad length (_ssl.c:2427))
[00:19:43] [ERR] Failed to check the state of sock (session id: e69670ee-a9de-4511-a635-29243048f638, error: SSLEOFError, message: EOF occurred in violation of protocol (_ssl.c:2427))
[00:20:35] [ERR] Failed to check the state of sock (session id: 84b7531f-71b2-43ed-a82e-d7869e539648, error: SSLEOFError, message: EOF occurred in violation of protocol (_ssl.c:2427))
[00:20:45] [ERR] Failed to check the state of sock (session id: 84b7531f-71b2-43ed-a82e-d7869e539648, error: SSLEOFError, message: EOF occurred in violation of protocol (_ssl.c:2427))
[00:20:55] [ERR] Failed to check the state of sock (session id: 84b7531f-71b2-43ed-a82e-d7869e539648, error: SSLEOFError, message: EOF occurred in violation of protocol (_ssl.c:2427))
[00:21:05] [ERR] Failed to check the state of sock (session id: 84b7531f-71b2-43ed-a82e-d7869e539648, error: SSLEOFError, message: EOF occurred in violation of protocol (_ssl.c:2427))
[00:21:15] [ERR] Failed to check the state of sock (session id: 84b7531f-71b2-43ed-a82e-d7869e539648, error: SSLError, message: [SSL: BAD_LENGTH] bad length (_ssl.c:2427))
[00:22:46] [ERR] Failed to check the state of sock (session id: c99c2325-b12a-4cd6-a9aa-22a7d770f67b, error: SSLEOFError, message: EOF occurred in violation of protocol (_ssl.c:2427))
[00:22:56] [ERR] Failed to check the state of sock (session id: c99c2325-b12a-4cd6-a9aa-22a7d770f67b, error: SSLEOFError, message: EOF occurred in violation of protocol (_ssl.c:2427))
[00:23:06] [ERR] Failed to check the state of sock (session id: c99c2325-b12a-4cd6-a9aa-22a7d770f67b, error: SSLEOFError, message: EOF occurred in violation of protocol (_ssl.c:2427))
[00:23:16] [ERR] Failed to check the state of sock (session id: c99c2325-b12a-4cd6-a9aa-22a7d770f67b, error: SSLEOFError, message: EOF occurred in violation of protocol (_ssl.c:2427))
[00:23:26] [ERR] Failed to check the state of sock (session id: c99c2325-b12a-4cd6-a9aa-22a7d770f67b, error: SSLError, message: [SSL: BAD_LENGTH] bad length (_ssl.c:2427))
[00:24:26] [ERR] Failed to check the state of sock (session id: 003de911-0558-4e92-a841-fd9ab730879b, error: SSLEOFError, message: EOF occurred in violation of protocol (_ssl.c:2427))
[00:24:36] [ERR] Failed to check the state of sock (session id: 003de911-0558-4e92-a841-fd9ab730879b, error: SSLEOFError, message: EOF occurred in violation of protocol (_ssl.c:2427))
[00:24:46] [ERR] Failed to check the state of sock (session id: 003de911-0558-4e92-a841-fd9ab730879b, error: SSLEOFError, message: EOF occurred in violation of protocol (_ssl.c:2427))
[00:24:56] [ERR] Failed to check the state of sock (session id: 003de911-0558-4e92-a841-fd9ab730879b, error: SSLEOFError, message: EOF occurred in violation of protocol (_ssl.c:2427))
[00:25:07] [ERR] Failed to check the state of sock (session id: 003de911-0558-4e92-a841-fd9ab730879b, error: SSLEOFError, message: EOF occurred in violation of protocol (_ssl.c:2427))
[00:26:37] [ERR] Failed to check the state of sock (session id: 9396412b-73ab-43c5-9bcb-1071b2284d56, error: SSLEOFError, message: EOF occurred in violation of protocol (_ssl.c:2427))
[00:26:48] [ERR] Failed to check the state of sock (session id: 9396412b-73ab-43c5-9bcb-1071b2284d56, error: SSLEOFError, message: EOF occurred in violation of protocol (_ssl.c:2427))
[00:26:58] [ERR] Failed to check the state of sock (session id: 9396412b-73ab-43c5-9bcb-1071b2284d56, error: SSLEOFError, message: EOF occurred in violation of protocol (_ssl.c:2427))
[00:27:08] [ERR] Failed to check the state of sock (session id: 9396412b-73ab-43c5-9bcb-1071b2284d56, error: SSLEOFError, message: EOF occurred in violation of protocol (_ssl.c:2427))
[00:27:18] [ERR] Failed to check the state of sock (session id: 9396412b-73ab-43c5-9bcb-1071b2284d56, error: SSLEOFError, message: EOF occurred in violation of protocol (_ssl.c:2427))
[00:28:09] [ERR] Failed to check the state of sock (session id: e3dcc086-72de-4dd6-a8d0-b45f9b03536a, error: SSLEOFError, message: EOF occurred in violation of protocol (_ssl.c:2427))
[00:28:19] [ERR] Failed to check the state of sock (session id: e3dcc086-72de-4dd6-a8d0-b45f9b03536a, error: SSLEOFError, message: EOF occurred in violation of protocol (_ssl.c:2427))
[00:28:29] [ERR] Failed to check the state of sock (session id: e3dcc086-72de-4dd6-a8d0-b45f9b03536a, error: SSLEOFError, message: EOF occurred in violation of protocol (_ssl.c:2427))
[00:28:39] [ERR] Failed to check the state of sock (session id: e3dcc086-72de-4dd6-a8d0-b45f9b03536a, error: SSLEOFError, message: EOF occurred in violation of protocol (_ssl.c:2427))
[00:28:49] [ERR] Failed to check the state of sock (session id: e3dcc086-72de-4dd6-a8d0-b45f9b03536a, error: SSLEOFError, message: EOF occurred in violation of protocol (_ssl.c:2427))
[00:29:49] [ERR] Failed to check the state of sock (session id: 0abeaab3-fa45-43f9-8217-1d941a4d6d8a, error: SSLEOFError, message: EOF occurred in violation of protocol (_ssl.c:2427))
[00:29:59] [ERR] Failed to check the state of sock (session id: 0abeaab3-fa45-43f9-8217-1d941a4d6d8a, error: SSLEOFError, message: EOF occurred in violation of protocol (_ssl.c:2427))
[00:30:09] [ERR] Failed to check the state of sock (session id: 0abeaab3-fa45-43f9-8217-1d941a4d6d8a, error: SSLEOFError, message: EOF occurred in violation of protocol (_ssl.c:2427))
[00:30:19] [ERR] Failed to check the state of sock (session id: 0abeaab3-fa45-43f9-8217-1d941a4d6d8a, error: SSLEOFError, message: EOF occurred in violation of protocol (_ssl.c:2427))
[00:30:29] [ERR] Failed to check the state of sock (session id: 0abeaab3-fa45-43f9-8217-1d941a4d6d8a, error: SSLEOFError, message: EOF occurred in violation of protocol (_ssl.c:2427))
[00:31:20] [ERR] Failed to check the state of sock (session id: 2bacb4d7-cc7d-49fa-8633-e6e6cdf5603c, error: SSLEOFError, message: EOF occurred in violation of protocol (_ssl.c:2427))
[00:31:30] [ERR] Failed to check the state of sock (session id: 2bacb4d7-cc7d-49fa-8633-e6e6cdf5603c, error: SSLEOFError, message: EOF occurred in violation of protocol (_ssl.c:2427))
[00:31:40] [ERR] Failed to check the state of sock (session id: 2bacb4d7-cc7d-49fa-8633-e6e6cdf5603c, error: SSLEOFError, message: EOF occurred in violation of protocol (_ssl.c:2427))
[00:31:50] [ERR] Failed to check the state of sock (session id: 2bacb4d7-cc7d-49fa-8633-e6e6cdf5603c, error: SSLEOFError, message: EOF occurred in violation of protocol (_ssl.c:2427))
[00:32:00] [ERR] Failed to check the state of sock (session id: 2bacb4d7-cc7d-49fa-8633-e6e6cdf5603c, error: SSLEOFError, message: EOF occurred in violation of protocol (_ssl.c:2427))
[00:33:01] [ERR] Failed to check the state of sock (session id: 3b76b68c-b21c-4d04-b73c-dbecb5d0765b, error: SSLEOFError, message: EOF occurred in violation of protocol (_ssl.c:2427))
[00:33:11] [ERR] Failed to check the state of sock (session id: 3b76b68c-b21c-4d04-b73c-dbecb5d0765b, error: SSLError, message: [SSL: BAD_LENGTH] bad length (_ssl.c:2427))
[00:33:21] [ERR] Failed to check the state of sock (session id: 3b76b68c-b21c-4d04-b73c-dbecb5d0765b, error: SSLEOFError, message: EOF occurred in violation of protocol (_ssl.c:2427))
[00:33:31] [ERR] Failed to check the state of sock (session id: 3b76b68c-b21c-4d04-b73c-dbecb5d0765b, error: SSLEOFError, message: EOF occurred in violation of protocol (_ssl.c:2427))
[00:33:41] [ERR] Failed to check the state of sock (session id: 3b76b68c-b21c-4d04-b73c-dbecb5d0765b, error: SSLEOFError, message: EOF occurred in violation of protocol (_ssl.c:2427))
[00:35:02] [ERR] Failed to check the state of sock (session id: 3ee6c31c-2333-48fe-bf35-49d3224549a7, error: SSLEOFError, message: EOF occurred in violation of protocol (_ssl.c:2427))
[00:35:12] [ERR] Failed to check the state of sock (session id: 3ee6c31c-2333-48fe-bf35-49d3224549a7, error: SSLError, message: [SSL: BAD_LENGTH] bad length (_ssl.c:2427))
[00:35:22] [ERR] Failed to check the state of sock (session id: 3ee6c31c-2333-48fe-bf35-49d3224549a7, error: SSLEOFError, message: EOF occurred in violation of protocol (_ssl.c:2427))
[00:35:32] [ERR] Failed to check the state of sock (session id: 3ee6c31c-2333-48fe-bf35-49d3224549a7, error: SSLError, message: [SSL: BAD_LENGTH] bad length (_ssl.c:2427))
[00:35:42] [ERR] Failed to check the state of sock (session id: 3ee6c31c-2333-48fe-bf35-49d3224549a7, error: SSLEOFError, message: EOF occurred in violation of protocol (_ssl.c:2427))
[00:37:03] [ERR] Failed to check the state of sock (session id: 85b21ade-e15f-402d-aaff-871b46b39b0f, error: SSLEOFError, message: EOF occurred in violation of protocol (_ssl.c:2427))
[00:37:13] [ERR] Failed to check the state of sock (session id: 85b21ade-e15f-402d-aaff-871b46b39b0f, error: SSLEOFError, message: EOF occurred in violation of protocol (_ssl.c:2427))
[00:37:23] [ERR] Failed to check the state of sock (session id: 85b21ade-e15f-402d-aaff-871b46b39b0f, error: SSLEOFError, message: EOF occurred in violation of protocol (_ssl.c:2427))
[00:37:33] [ERR] Failed to check the state of sock (session id: 85b21ade-e15f-402d-aaff-871b46b39b0f, error: SSLEOFError, message: EOF occurred in violation of protocol (_ssl.c:2427))
[00:37:43] [ERR] Failed to check the state of sock (session id: 85b21ade-e15f-402d-aaff-871b46b39b0f, error: SSLEOFError, message: EOF occurred in violation of protocol (_ssl.c:2427))
[00:38:34] [ERR] Failed to check the state of sock (session id: 06a7dd6c-cecf-4c7f-a41b-ac0d0d9f959d, error: SSLEOFError, message: EOF occurred in violation of protocol (_ssl.c:2427))
[00:38:44] [ERR] Failed to check the state of sock (session id: 06a7dd6c-cecf-4c7f-a41b-ac0d0d9f959d, error: SSLEOFError, message: EOF occurred in violation of protocol (_ssl.c:2427))
[00:38:54] [ERR] Failed to check the state of sock (session id: 06a7dd6c-cecf-4c7f-a41b-ac0d0d9f959d, error: SSLEOFError, message: EOF occurred in violation of protocol (_ssl.c:2427))
[00:39:04] [ERR] Failed to check the state of sock (session id: 06a7dd6c-cecf-4c7f-a41b-ac0d0d9f959d, error: SSLEOFError, message: EOF occurred in violation of protocol (_ssl.c:2427))
[00:39:14] [ERR] Failed to check the state of sock (session id: 06a7dd6c-cecf-4c7f-a41b-ac0d0d9f959d, error: SSLError, message: [SSL: BAD_LENGTH] bad length (_ssl.c:2427))
[00:40:05] [ERR] Failed to check the state of sock (session id: fbbbca3e-f189-450f-8672-b75f53175415, error: SSLEOFError, message: EOF occurred in violation of protocol (_ssl.c:2427))
[00:40:15] [ERR] Failed to check the state of sock (session id: fbbbca3e-f189-450f-8672-b75f53175415, error: SSLError, message: [SSL: BAD_LENGTH] bad length (_ssl.c:2427))
[00:40:25] [ERR] Failed to check the state of sock (session id: fbbbca3e-f189-450f-8672-b75f53175415, error: SSLEOFError, message: EOF occurred in violation of protocol (_ssl.c:2427))
[00:40:35] [ERR] Failed to check the state of sock (session id: fbbbca3e-f189-450f-8672-b75f53175415, error: SSLEOFError, message: EOF occurred in violation of protocol (_ssl.c:2427))
[00:40:45] [ERR] Failed to check the state of sock (session id: fbbbca3e-f189-450f-8672-b75f53175415, error: SSLError, message: [SSL: BAD_LENGTH] bad length (_ssl.c:2427))
[00:41:46] [ERR] Failed to check the state of sock (session id: 003a691a-f7b9-4c47-bb99-97e0d061b70e, error: SSLEOFError, message: EOF occurred in violation of protocol (_ssl.c:2427))
[00:41:56] [ERR] Failed to check the state of sock (session id: 003a691a-f7b9-4c47-bb99-97e0d061b70e, error: SSLEOFError, message: EOF occurred in violation of protocol (_ssl.c:2427))
[00:42:06] [ERR] Failed to check the state of sock (session id: 003a691a-f7b9-4c47-bb99-97e0d061b70e, error: SSLEOFError, message: EOF occurred in violation of protocol (_ssl.c:2427))
[00:42:16] [ERR] Failed to check the state of sock (session id: 003a691a-f7b9-4c47-bb99-97e0d061b70e, error: SSLError, message: [SSL: BAD_LENGTH] bad length (_ssl.c:2427))
[00:42:26] [ERR] Failed to check the state of sock (session id: 003a691a-f7b9-4c47-bb99-97e0d061b70e, error: SSLEOFError, message: EOF occurred in violation of protocol (_ssl.c:2427))
[00:43:27] [ERR] Failed to check the state of sock (session id: 64f3008e-bb52-4edc-862d-3ef190c0acb1, error: SSLEOFError, message: EOF occurred in violation of protocol (_ssl.c:2427))
[00:43:37] [ERR] Failed to check the state of sock (session id: 64f3008e-bb52-4edc-862d-3ef190c0acb1, error: SSLEOFError, message: EOF occurred in violation of protocol (_ssl.c:2427))
[00:43:47] [ERR] Failed to check the state of sock (session id: 64f3008e-bb52-4edc-862d-3ef190c0acb1, error: SSLEOFError, message: EOF occurred in violation of protocol (_ssl.c:2427))
[00:43:57] [ERR] Failed to check the state of sock (session id: 64f3008e-bb52-4edc-862d-3ef190c0acb1, error: SSLEOFError, message: EOF occurred in violation of protocol (_ssl.c:2427))
[00:44:07] [ERR] Failed to check the state of sock (session id: 64f3008e-bb52-4edc-862d-3ef190c0acb1, error: SSLEOFError, message: EOF occurred in violation of protocol (_ssl.c:2427))
[00:45:28] [ERR] Failed to check the state of sock (session id: 14c39021-2331-485f-9cf0-e4f49706a494, error: SSLEOFError, message: EOF occurred in violation of protocol (_ssl.c:2427))
[00:45:38] [ERR] Failed to check the state of sock (session id: 14c39021-2331-485f-9cf0-e4f49706a494, error: SSLEOFError, message: EOF occurred in violation of protocol (_ssl.c:2427))
[00:45:48] [ERR] Failed to check the state of sock (session id: 14c39021-2331-485f-9cf0-e4f49706a494, error: SSLEOFError, message: EOF occurred in violation of protocol (_ssl.c:2427))
[00:45:58] [ERR] Failed to check the state of sock (session id: 14c39021-2331-485f-9cf0-e4f49706a494, error: SSLEOFError, message: EOF occurred in violation of protocol (_ssl.c:2427))
[00:46:08] [ERR] Failed to check the state of sock (session id: 14c39021-2331-485f-9cf0-e4f49706a494, error: SSLError, message: [SSL: BAD_LENGTH] bad length (_ssl.c:2427))
[00:47:39] [ERR] Failed to check the state of sock (session id: b60d70ce-a4af-46f5-8a60-486ca3504436, error: SSLEOFError, message: EOF occurred in violation of protocol (_ssl.c:2427))
[00:47:49] [ERR] Failed to check the state of sock (session id: b60d70ce-a4af-46f5-8a60-486ca3504436, error: SSLEOFError, message: EOF occurred in violation of protocol (_ssl.c:2427))
[00:47:59] [ERR] Failed to check the state of sock (session id: b60d70ce-a4af-46f5-8a60-486ca3504436, error: SSLEOFError, message: EOF occurred in violation of protocol (_ssl.c:2427))
[00:48:09] [ERR] Failed to check the state of sock (session id: b60d70ce-a4af-46f5-8a60-486ca3504436, error: SSLEOFError, message: EOF occurred in violation of protocol (_ssl.c:2427))
[00:48:19] [ERR] Failed to check the state of sock (session id: b60d70ce-a4af-46f5-8a60-486ca3504436, error: SSLEOFError, message: EOF occurred in violation of protocol (_ssl.c:2427))
[00:49:20] [ERR] Failed to check the state of sock (session id: f1710b36-9252-42c2-8a08-542acfa22c81, error: SSLEOFError, message: EOF occurred in violation of protocol (_ssl.c:2427))
[00:49:30] [ERR] Failed to check the state of sock (session id: f1710b36-9252-42c2-8a08-542acfa22c81, error: SSLEOFError, message: EOF occurred in violation of protocol (_ssl.c:2427))
[00:49:40] [ERR] Failed to check the state of sock (session id: f1710b36-9252-42c2-8a08-542acfa22c81, error: SSLEOFError, message: EOF occurred in violation of protocol (_ssl.c:2427))
[00:49:50] [ERR] Failed to check the state of sock (session id: f1710b36-9252-42c2-8a08-542acfa22c81, error: SSLEOFError, message: EOF occurred in violation of protocol (_ssl.c:2427))
[00:50:00] [ERR] Failed to check the state of sock (session id: f1710b36-9252-42c2-8a08-542acfa22c81, error: SSLEOFError, message: EOF occurred in violation of protocol (_ssl.c:2427))
[00:50:21] [ERR] Failed to check the state of sock (session id: d682ed83-ba0f-4b9e-9c40-0bf188448fcc, error: SSLEOFError, message: EOF occurred in violation of protocol (_ssl.c:2427))
[00:50:31] [ERR] Failed to check the state of sock (session id: d682ed83-ba0f-4b9e-9c40-0bf188448fcc, error: SSLEOFError, message: EOF occurred in violation of protocol (_ssl.c:2427))
[00:50:41] [ERR] Failed to check the state of sock (session id: d682ed83-ba0f-4b9e-9c40-0bf188448fcc, error: SSLEOFError, message: EOF occurred in violation of protocol (_ssl.c:2427))
[00:50:51] [ERR] Failed to check the state of sock (session id: d682ed83-ba0f-4b9e-9c40-0bf188448fcc, error: SSLError, message: [SSL: BAD_LENGTH] bad length (_ssl.c:2427))
[00:51:01] [ERR] Failed to check the state of sock (session id: d682ed83-ba0f-4b9e-9c40-0bf188448fcc, error: SSLEOFError, message: EOF occurred in violation of protocol (_ssl.c:2427))
[00:51:22] [ERR] Failed to check the state of sock (session id: 11676564-c014-4340-8a63-9e15e279b9dd, error: SSLEOFError, message: EOF occurred in violation of protocol (_ssl.c:2427))
[00:51:32] [ERR] Failed to check the state of sock (session id: 11676564-c014-4340-8a63-9e15e279b9dd, error: SSLError, message: [SSL: BAD_LENGTH] bad length (_ssl.c:2427))
[00:51:42] [ERR] Failed to check the state of sock (session id: 11676564-c014-4340-8a63-9e15e279b9dd, error: SSLEOFError, message: EOF occurred in violation of protocol (_ssl.c:2427))
[00:51:52] [ERR] Failed to check the state of sock (session id: 11676564-c014-4340-8a63-9e15e279b9dd, error: SSLEOFError, message: EOF occurred in violation of protocol (_ssl.c:2427))
[00:52:02] [ERR] Failed to check the state of sock (session id: 11676564-c014-4340-8a63-9e15e279b9dd, error: SSLEOFError, message: EOF occurred in violation of protocol (_ssl.c:2427))
[00:52:23] [ERR] Failed to check the state of sock (session id: 67a953b5-74c6-4da5-a5a5-9ab2f0e0bfc9, error: SSLEOFError, message: EOF occurred in violation of protocol (_ssl.c:2427))
[00:52:33] [ERR] Failed to check the state of sock (session id: 67a953b5-74c6-4da5-a5a5-9ab2f0e0bfc9, error: SSLEOFError, message: EOF occurred in violation of protocol (_ssl.c:2427))
[00:52:43] [ERR] Failed to check the state of sock (session id: 67a953b5-74c6-4da5-a5a5-9ab2f0e0bfc9, error: SSLEOFError, message: EOF occurred in violation of protocol (_ssl.c:2427))
[00:52:53] [ERR] Failed to check the state of sock (session id: 67a953b5-74c6-4da5-a5a5-9ab2f0e0bfc9, error: SSLEOFError, message: EOF occurred in violation of protocol (_ssl.c:2427))
[00:53:03] [ERR] Failed to check the state of sock (session id: 67a953b5-74c6-4da5-a5a5-9ab2f0e0bfc9, error: SSLEOFError, message: EOF occurred in violation of protocol (_ssl.c:2427))
[00:53:54] [ERR] Failed to check the state of sock (session id: 91cd1c57-f311-4885-9259-95246fca1ca2, error: SSLEOFError, message: EOF occurred in violation of protocol (_ssl.c:2427))
[00:54:04] [ERR] Failed to check the state of sock (session id: 91cd1c57-f311-4885-9259-95246fca1ca2, error: SSLEOFError, message: EOF occurred in violation of protocol (_ssl.c:2427))
[00:54:14] [ERR] Failed to check the state of sock (session id: 91cd1c57-f311-4885-9259-95246fca1ca2, error: SSLEOFError, message: EOF occurred in violation of protocol (_ssl.c:2427))
[00:54:24] [ERR] Failed to check the state of sock (session id: 91cd1c57-f311-4885-9259-95246fca1ca2, error: SSLEOFError, message: EOF occurred in violation of protocol (_ssl.c:2427))
[00:54:34] [ERR] Failed to check the state of sock (session id: 91cd1c57-f311-4885-9259-95246fca1ca2, error: SSLEOFError, message: EOF occurred in violation of protocol (_ssl.c:2427))
[00:54:55] [ERR] Failed to check the state of sock (session id: 4896f069-799a-4726-bcf3-f25819559b21, error: SSLEOFError, message: EOF occurred in violation of protocol (_ssl.c:2427))
[00:55:05] [ERR] Failed to check the state of sock (session id: 4896f069-799a-4726-bcf3-f25819559b21, error: SSLEOFError, message: EOF occurred in violation of protocol (_ssl.c:2427))
[00:55:15] [ERR] Failed to check the state of sock (session id: 4896f069-799a-4726-bcf3-f25819559b21, error: SSLEOFError, message: EOF occurred in violation of protocol (_ssl.c:2427))
[00:55:25] [ERR] Failed to check the state of sock (session id: 4896f069-799a-4726-bcf3-f25819559b21, error: SSLEOFError, message: EOF occurred in violation of protocol (_ssl.c:2427))
[00:55:35] [ERR] Failed to check the state of sock (session id: 4896f069-799a-4726-bcf3-f25819559b21, error: SSLEOFError, message: EOF occurred in violation of protocol (_ssl.c:2427))
[00:56:26] [ERR] Failed to check the state of sock (session id: bd1da200-0cde-4753-b494-9708bef8c71d, error: SSLEOFError, message: EOF occurred in violation of protocol (_ssl.c:2427))
[00:56:36] [ERR] Failed to check the state of sock (session id: bd1da200-0cde-4753-b494-9708bef8c71d, error: SSLEOFError, message: EOF occurred in violation of protocol (_ssl.c:2427))
[00:56:46] [ERR] Failed to check the state of sock (session id: bd1da200-0cde-4753-b494-9708bef8c71d, error: SSLEOFError, message: EOF occurred in violation of protocol (_ssl.c:2427))
[00:56:56] [ERR] Failed to check the state of sock (session id: bd1da200-0cde-4753-b494-9708bef8c71d, error: SSLEOFError, message: EOF occurred in violation of protocol (_ssl.c:2427))
[00:57:06] [ERR] Failed to check the state of sock (session id: bd1da200-0cde-4753-b494-9708bef8c71d, error: SSLEOFError, message: EOF occurred in violation of protocol (_ssl.c:2427))
[00:57:27] [ERR] Failed to check the state of sock (session id: f965f2f1-4636-4c57-8fe4-4b26bbc800bb, error: SSLEOFError, message: EOF occurred in violation of protocol (_ssl.c:2427))
[00:57:37] [ERR] Failed to check the state of sock (session id: f965f2f1-4636-4c57-8fe4-4b26bbc800bb, error: SSLEOFError, message: EOF occurred in violation of protocol (_ssl.c:2427))
[00:57:47] [ERR] Failed to check the state of sock (session id: f965f2f1-4636-4c57-8fe4-4b26bbc800bb, error: SSLError, message: [SSL: BAD_LENGTH] bad length (_ssl.c:2427))
[00:57:57] [ERR] Failed to check the state of sock (session id: f965f2f1-4636-4c57-8fe4-4b26bbc800bb, error: SSLEOFError, message: EOF occurred in violation of protocol (_ssl.c:2427))
[00:58:07] [ERR] Failed to check the state of sock (session id: f965f2f1-4636-4c57-8fe4-4b26bbc800bb, error: SSLEOFError, message: EOF occurred in violation of protocol (_ssl.c:2427))
