[00:56:43] 🟢 Slack 봇 시작 — 모델: 렘브란트 맵 페르소나 설정 따름
[00:56:43] [READY] Slack bot started
[03:18:38] [Slack] PM: 지금 점령전 맵에서 쌍둥이 타워 레벨 디자인 수정할 부분은?
[03:18:38] [0.8s] [RAG] Electron /ask 호출 중...
[03:19:27] [ERR] on_error invoked (session id: 88cf862e-ea3f-4260-be07-bc33d5f53437, error: SSLWantReadError, message: The operation did not complete (read) (_ssl.c:2580))
[03:19:27] ⚠️ Slack 연결 끊김 — 재연결 대기 중...
[03:19:27] 🔄 5초 후 재연결 시도... (#1)
[03:19:34] 🟢 Slack 재연결 성공
[03:20:09] [91.4s] [RAG] Electron /ask 성공 (1399자)
[03:20:09] [91.4s] [Image] 자동 이미지 3개
[03:20:09] [91.4s] [완료] 답변 1459자 전송
[03:20:11] [Image] 업로드 실패 (프로젝트 A_ M12_레이드보스_우로보_레벨 구조_p2_1.png): HTTPSConnectionPool(host='files.slack.com', port=443): Max retries exceeded with url: /upload/v1/CwABAAAAXAoAAWlpmfPp9aj4CgACGKP09OksbeAMAAMLAAEAAAALRTA3RzJQV0g3UkQLAAIAAAALVTBBSjcxRUUzU1QLAAMAAAALRjBBUzI1MzZKVTgACgAEAAAAAAAADeUACwACAAAAFIvobvuLEOUUi8Xra87e02Kd7YCRAA (Caused by SSLError(SSLCertVerificationError(1, '[SSL: CERTIFICATE_VERIFY_FAILED] certificate verify failed: unable to get local issuer certificate (_ssl.c:1010)')))
[03:20:12] [Image] 업로드 실패 (프로젝트 A_ M12_레이드보스_우로보_레벨 구조_p2_2.png): HTTPSConnectionPool(host='files.slack.com', port=443): Max retries exceeded with url: /upload/v1/CwABAAAAXAoAATP6ANyQZyQ0CgACGKP09SmukvgMAAMLAAEAAAALRTA3RzJQV0g3UkQLAAIAAAALVTBBSjcxRUUzU1QLAAMAAAALRjBBUjFGMktFN00ACgAEAAAAAAAADeUACwACAAAAFOl-_3hDZCLK0BJv_UdxDgU2znZnAA (Caused by SSLError(SSLCertVerificationError(1, '[SSL: CERTIFICATE_VERIFY_FAILED] certificate verify failed: unable to get local issuer certificate (_ssl.c:1010)')))
[03:20:13] [Image] 업로드 실패 (프로젝트 A_ M12_레이드보스_우로보_레벨 구조_p2_3.png): HTTPSConnectionPool(host='files.slack.com', port=443): Max retries exceeded with url: /upload/v1/CwABAAAAXAoAAWbb8qOT3EZHCgACGKP09WuUekgMAAMLAAEAAAALRTA3RzJQV0g3UkQLAAIAAAALVTBBSjcxRUUzU1QLAAMAAAALRjBBUzI1MzE4NFEACgAEAAAAAAAAMFsACwACAAAAFC4pcu0davfi1bj-RLORxA4I18HLAA (Caused by SSLError(SSLCertVerificationError(1, '[SSL: CERTIFICATE_VERIFY_FAILED] certificate verify failed: unable to get local issuer certificate (_ssl.c:1010)')))
[05:53:31] [ERR] Failed to check the state of sock (session id: d999c4ba-0608-45bd-b13f-0afd6a392b1c, error: SSLEOFError, message: EOF occurred in violation of protocol (_ssl.c:2427))
[05:53:41] [ERR] Failed to check the state of sock (session id: d999c4ba-0608-45bd-b13f-0afd6a392b1c, error: SSLEOFError, message: EOF occurred in violation of protocol (_ssl.c:2427))
[05:53:51] [ERR] Failed to check the state of sock (session id: d999c4ba-0608-45bd-b13f-0afd6a392b1c, error: SSLEOFError, message: EOF occurred in violation of protocol (_ssl.c:2427))
[05:54:01] [ERR] Failed to check the state of sock (session id: d999c4ba-0608-45bd-b13f-0afd6a392b1c, error: SSLEOFError, message: EOF occurred in violation of protocol (_ssl.c:2427))
[05:54:11] [ERR] Failed to check the state of sock (session id: d999c4ba-0608-45bd-b13f-0afd6a392b1c, error: SSLError, message: [SSL: BAD_LENGTH] bad length (_ssl.c:2427))
[05:54:12] ⚠️ Slack 연결 끊김 — 재연결 대기 중...
[05:54:12] 🔄 5초 후 재연결 시도... (#1)
[05:54:18] 🟢 Slack 재연결 성공
[06:35:52] [쿼리정제] '최신 보고내용 정리해서 알려줘' → '최신 보고내용 정리해서'
[06:35:52] [Slack] PM: 최신 보고내용 정리해서 알려줘
[06:35:53] [0.3s] [RAG] Electron /ask 호출 중...
[06:36:47] [54.9s] [RAG] Electron /ask 성공 (1861자)
[06:36:47] [54.9s] [Image] 자동 이미지 3개
[06:36:47] [54.9s] [완료] 답변 1873자 전송
[06:36:48] [chat_update] 실패 (The request to the Slack API failed. (url: https://slack.com/api/chat.update)
[06:36:48] The server responded with: {'ok': False, 'error': 'msg_too_long'}), say 폴백
[06:36:50] [Image] 업로드 실패 (491593413_최신 히어로 슈터 전투 요소 비교 및 분석_1.png): HTTPSConnectionPool(host='files.slack.com', port=443): Max retries exceeded with url: /upload/v1/CwABAAAAXAoAAS6pBGSK4a9lCgACGKP_r_giK4AMAAMLAAEAAAALRTA3RzJQV0g3UkQLAAIAAAALVTBBSjcxRUUzU1QLAAMAAAALRjBBUkNBR1JUTTIACgAEAAAAAAAHnEsACwACAAAAFHRS69ID8g-qiIogK1A7kWdWf4fUAA (Caused by SSLError(SSLCertVerificationError(1, '[SSL: CERTIFICATE_VERIFY_FAILED] certificate verify failed: unable to get local issuer certificate (_ssl.c:1010)')))
[06:36:51] [Image] 업로드 실패 (491593413_최신 히어로 슈터 전투 요소 비교 및 분석_10.png): HTTPSConnectionPool(host='files.slack.com', port=443): Max retries exceeded with url: /upload/v1/CwABAAAAXAoAASXSU7OCMQZUCgACGKP_sEuhqIAMAAMLAAEAAAALRTA3RzJQV0g3UkQLAAIAAAALVTBBSjcxRUUzU1QLAAMAAAALRjBBUzMxME05UzQACgAEAAAAAAAGDUMACwACAAAAFGLAdKhMN6aQujfMsei3EOWcSxv0AA (Caused by SSLError(SSLCertVerificationError(1, '[SSL: CERTIFICATE_VERIFY_FAILED] certificate verify failed: unable to get local issuer certificate (_ssl.c:1010)')))
[06:36:52] [Image] 업로드 실패 (491593413_최신 히어로 슈터 전투 요소 비교 및 분석_11.png): HTTPSConnectionPool(host='files.slack.com', port=443): Max retries exceeded with url: /upload/v1/CwABAAAAXAoAAUXIKt8n5CQ0CgACGKP_sIwJMRgMAAMLAAEAAAALRTA3RzJQV0g3UkQLAAIAAAALVTBBSjcxRUUzU1QLAAMAAAALRjBBUjVBRkhHQVoACgAEAAAAAAAGCXoACwACAAAAFGzOeWr1Q0Tni_adIB_Hiuf5XB9yAA (Caused by SSLError(SSLCertVerificationError(1, '[SSL: CERTIFICATE_VERIFY_FAILED] certificate verify failed: unable to get local issuer certificate (_ssl.c:1010)')))
[06:37:33] [쿼리정제] '4월 이사장님 피드백 내용 알려줘' → '4월 이사장님 피드백 내용'
[06:37:33] [Slack] PM: 4월 이사장님 피드백 내용 알려줘
[06:37:33] [Slack] 히스토리 1턴 복원
[06:37:33] [0.4s] [RAG] Electron /ask 호출 중...
[06:38:00] [26.6s] [RAG] Electron /ask 성공 (1112자)
[06:38:00] [26.6s] [Image] 자동 이미지 3개
[06:38:00] [26.6s] [완료] 답변 1144자 전송
[06:38:00] [Image] 파일 없음 (경로 확인 필요): 179570538_[2022_05_09] 프로젝트A 이사장님 피드백_1.png
[06:38:00] [Image] 파일 없음 (경로 확인 필요): 267161056_[2023_02_28] 프로젝트A 이사장님 피드백_1.png
[06:38:00] [Image] 파일 없음 (경로 확인 필요): 269946623_[2023_03_07] 프로젝트A 이사장님 피드백_1.png
[06:39:04] [쿼리정제] '2026 년 최신 피드백 내용 정리해줘' → '2026 년 최신 피드백 내용'
[06:39:05] [Slack] PM: 2026 년 최신 피드백 내용 정리해줘
[06:39:05] [Slack] 히스토리 2턴 복원
[06:39:05] [0.4s] [RAG] Electron /ask 호출 중...
[06:39:52] [47.1s] [RAG] Electron /ask 성공 (2058자)
[06:39:52] [47.1s] [Image] 자동 이미지 3개
[06:39:52] [47.1s] [완료] 답변 2108자 전송
[06:39:52] [chat_update] 실패 (The request to the Slack API failed. (url: https://slack.com/api/chat.update)
[06:39:52] The server responded with: {'ok': False, 'error': 'msg_too_long'}), say 폴백
[06:39:53] [Image] 파일 없음 (경로 확인 필요): 179570538_[2022_05_09] 프로젝트A 이사장님 피드백_1.png
[06:39:53] [Image] 파일 없음 (경로 확인 필요): 267161056_[2023_02_28] 프로젝트A 이사장님 피드백_1.png
[06:39:53] [Image] 파일 없음 (경로 확인 필요): 269946623_[2023_03_07] 프로젝트A 이사장님 피드백_1.png
[06:42:39] [Slack] PM: 26년 1월 28일 문서는 없어?
[06:42:39] [Slack] 히스토리 3턴 복원
[06:42:39] [0.4s] [RAG] Electron /ask 호출 중...
[06:43:10] [31.6s] [RAG] Electron /ask 성공 (1378자)
[06:43:10] [31.6s] [Image] 자동 이미지 3개
[06:43:10] [31.6s] [완료] 답변 1390자 전송
[06:43:11] [Image] 파일 없음 (경로 확인 필요): 676755567_1월__1.png
[06:43:11] [Image] 파일 없음 (경로 확인 필요): 676755567_1월__2.png
[06:43:11] [Image] 파일 없음 (경로 확인 필요): 676755567_1월__3.png
[07:15:24] 🟢 Slack 봇 시작 — 모델: 렘브란트 맵 페르소나 설정 따름
[07:15:24] [READY] Slack bot started
