[00:50:08] 🟢 Slack 봇 시작 — 모델: 렘브란트 맵 페르소나 설정 따름
[00:50:08] [READY] Slack bot started
[00:55:00] 🟢 Slack 봇 시작 — 모델: 렘브란트 맵 페르소나 설정 따름
[00:55:00] [READY] Slack bot started
[01:00:37] 🟢 Slack 봇 시작 — 모델: 렘브란트 맵 페르소나 설정 따름
[01:00:37] [READY] Slack bot started
[02:34:21] [Slack] PM: 월영 진행상황 알려줘~
[02:34:21] [0.5s] [RAG] Electron /ask 호출 중...
[02:35:08] [46.8s] [RAG] Electron /ask 성공 (1279자)
[02:35:08] [46.8s] [Image] 자동 이미지 3개
[02:35:08] [46.9s] [완료] 답변 1311자 전송
[02:35:10] [Image] 업로드 실패 (2차_월영_20250528_p2_1.jpeg): HTTPSConnectionPool(host='files.slack.com', port=443): Max retries exceeded with url: /upload/v1/CwABAAAAXAoAAVfS8PMvZkD5CgACGKK4LbQGXgAMAAMLAAEAAAALRTA3RzJQV0g3UkQLAAIAAAALVTBBSjcxRUUzU1QLAAMAAAALRjBBUkdVOFVOTTYACgAEAAAAAAAAzZMACwACAAAAFFrmTn9Ha4Nw5rbnxyBKQ9pkln18AA (Caused by SSLError(SSLCertVerificationError(1, '[SSL: CERTIFICATE_VERIFY_FAILED] certificate verify failed: unable to get local issuer certificate (_ssl.c:1010)')))
[02:35:11] [Image] 업로드 실패 (2차_월영_20250528_p3_1.jpeg): HTTPSConnectionPool(host='files.slack.com', port=443): Max retries exceeded with url: /upload/v1/CwABAAAAXAoAAVOB1BeZYaEqCgACGKK4LfAcVygMAAMLAAEAAAALRTA3RzJQV0g3UkQLAAIAAAALVTBBSjcxRUUzU1QLAAMAAAALRjBBUUc4V1M0NzUACgAEAAAAAAAAuZwACwACAAAAFBxVqSwLWDLIjhNWLPYuxTZ-8tmnAA (Caused by SSLError(SSLCertVerificationError(1, '[SSL: CERTIFICATE_VERIFY_FAILED] certificate verify failed: unable to get local issuer certificate (_ssl.c:1010)')))
[02:35:12] [Image] 업로드 실패 (2차_월영_20250528_p3_2.jpeg): HTTPSConnectionPool(host='files.slack.com', port=443): Max retries exceeded with url: /upload/v1/CwABAAAAXAoAARVHTAXVAzotCgACGKK4LjM4HpgMAAMLAAEAAAALRTA3RzJQV0g3UkQLAAIAAAALVTBBSjcxRUUzU1QLAAMAAAALRjBBUkdVOURSNkMACgAEAAAAAAAAgRMACwACAAAAFJYq6tjCJozdNl9MJWDAG0L3E6C-AA (Caused by SSLError(SSLCertVerificationError(1, '[SSL: CERTIFICATE_VERIFY_FAILED] certificate verify failed: unable to get local issuer certificate (_ssl.c:1010)')))
[02:40:27] [쿼리정제] '월영 캐릭터 설정에 대해 종합해줘' → '월영 캐릭터 설정에 대해 종합'
[02:40:27] [Slack] PM: 월영 캐릭터 설정에 대해 종합해줘
[02:40:27] [Slack] 히스토리 1턴 복원
[02:40:28] [0.4s] [RAG] Electron /ask 호출 중...
[02:41:21] [53.8s] [RAG] Electron /ask 성공 (2452자)
[02:41:21] [53.8s] [Image] 자동 이미지 3개
[02:41:21] [53.8s] [완료] 답변 2488자 전송
[02:41:22] [chat_update] 실패 (The request to the Slack API failed. (url: https://slack.com/api/chat.update)
[02:41:22] The server responded with: {'ok': False, 'error': 'msg_too_long'}), say 폴백
[02:41:22] [Image] 파일 없음 (경로 확인 필요): 539592045_기획 _ 루모 드랍 캐릭터 사망 설정_2.png
[02:41:22] [Image] 파일 없음 (경로 확인 필요): 614481664_01_ 캐릭터 _ 월영 _ FX 리스트_1.png
[02:41:23] [Image] 업로드 실패 (10차_신규캐릭터 아이데이션-1_p2_1.png): HTTPSConnectionPool(host='files.slack.com', port=443): Max retries exceeded with url: /upload/v1/CwABAAAAXAoAAWN4OKN2oXGuCgACGKK4hJUYKHgMAAMLAAEAAAALRTA3RzJQV0g3UkQLAAIAAAALVTBBSjcxRUUzU1QLAAMAAAALRjBBUkdVWDVDTjQACgAEAAAAAAAEIWYACwACAAAAFCNnEo9nKfinVO65aqmmI-j7wRC6AA (Caused by SSLError(SSLCertVerificationError(1, '[SSL: CERTIFICATE_VERIFY_FAILED] certificate verify failed: unable to get local issuer certificate (_ssl.c:1010)')))
[02:42:18] [쿼리정제] '월영 4월 현황 알려줘' → '월영 4월 현황'
[02:42:19] [Slack] PM: 월영 4월 현황 알려줘
[02:42:19] [Slack] 히스토리 2턴 복원
[02:42:19] [0.3s] [RAG] Electron /ask 호출 중...
[02:43:03] [44.4s] [RAG] Electron /ask 성공 (2066자)
[02:43:03] [44.4s] [Image] 자동 이미지 3개
[02:43:03] [44.4s] [완료] 답변 2122자 전송
[02:43:04] [chat_update] 실패 (The request to the Slack API failed. (url: https://slack.com/api/chat.update)
[02:43:04] The server responded with: {'ok': False, 'error': 'msg_too_long'}), say 폴백
[02:43:04] [Image] 파일 없음 (경로 확인 필요): 552984664_기획 _ 난투전 생존 현황 UI 개선_1.jpg
[02:43:04] [Image] 파일 없음 (경로 확인 필요): 552984664_기획 _ 난투전 생존 현황 UI 개선_2.png
[02:43:04] [Image] 파일 없음 (경로 확인 필요): 552984664_기획 _ 난투전 생존 현황 UI 개선_3.png
[06:45:59] 🟢 Slack 봇 시작 — 모델: 렘브란트 맵 페르소나 설정 따름
[06:45:59] [READY] Slack bot started
[07:13:47] 🟢 Slack 봇 시작 — 모델: 렘브란트 맵 페르소나 설정 따름
[07:13:47] [READY] Slack bot started
[09:50:16] ⚠️ Slack 연결 끊김 — 재연결 대기 중...
[09:50:17] 🔄 5초 후 재연결 시도... (#1)
[09:50:22] 🟢 Slack 재연결 성공
