[01:04:36] 🟢 Slack 봇 시작 — 모델: 렘브란트 맵 페르소나 설정 따름
[01:04:36] [READY] Slack bot started
[01:05:47] [쿼리정제] '월영에 대해 알려줘' → '월영에 대해'
[01:05:48] [Slack] PM: 월영에 대해 알려줘
[01:05:48] [0.3s] [RAG] Electron /ask 호출 중...
[01:06:50] [62.6s] [RAG] Electron /ask 성공 (2314자)
[01:06:50] [62.6s] [완료] 답변 2314자 전송
[01:08:06] [쿼리정제] '월영 진행상황 알려줘' → '월영 진행상황'
[01:08:07] [Slack] PM: 월영 진행상황 알려줘
[01:08:07] [Slack] 히스토리 1턴 복원
[01:08:07] [0.3s] [RAG] Electron /ask 호출 중...
[01:09:27] 🟢 Slack 봇 시작 — 모델: 렘브란트 맵 페르소나 설정 따름
[01:09:27] [READY] Slack bot started
[01:09:58] [쿼리정제] '월영 진행상황 알려줘' → '월영 진행상황'
[01:09:58] [Slack] PM: 월영 진행상황 알려줘
[01:09:58] [0.4s] [RAG] Electron /ask 호출 중...
[01:11:09] [71.4s] [RAG] Electron /ask 성공 (1409자)
[01:11:09] [71.4s] [Image] 자동 이미지 3개
[01:11:09] [71.4s] [완료] 답변 1409자 전송
[01:11:11] [Image] 업로드 실패 (프로젝트A_아트_월영수정방향성_1219_ver3 _2__p3_1.png): HTTPSConnectionPool(host='files.slack.com', port=443): Max retries exceeded with url: /upload/v1/CwABAAAAXAoAAX2C0Oy2Vsn4CgACGKJlA-jycfgMAAMLAAEAAAALRTA3RzJQV0g3UkQLAAIAAAALVTBBSjcxRUUzU1QLAAMAAAALRjBBUjg1OEZKRjIACgAEAAAAAAAONjoACwACAAAAFB0YE14gxFc80zQeDq2m9JBOutckAA (Caused by SSLError(SSLCertVerificationError(1, '[SSL: CERTIFICATE_VERIFY_FAILED] certificate verify failed: unable to get local issuer certificate (_ssl.c:1010)')))
[01:11:12] [Image] 업로드 실패 (프로젝트A_아트_월영수정방향성_1219_ver3 _2__p4_1.png): HTTPSConnectionPool(host='files.slack.com', port=443): Max retries exceeded with url: /upload/v1/CwABAAAAXAoAAXJma7KAf7w-CgACGKJlBCh1engMAAMLAAEAAAALRTA3RzJQV0g3UkQLAAIAAAALVTBBSjcxRUUzU1QLAAMAAAALRjBBUTdGOUFIQTcACgAEAAAAAAAOxfkACwACAAAAFA_Ij9JhY7ZBOCtPxYh8imx_9WaBAA (Caused by SSLError(SSLCertVerificationError(1, '[SSL: CERTIFICATE_VERIFY_FAILED] certificate verify failed: unable to get local issuer certificate (_ssl.c:1010)')))
[01:11:13] [Image] 업로드 실패 (프로젝트A_아트_월영수정방향성_1219_ver3 _2__p4_2.png): HTTPSConnectionPool(host='files.slack.com', port=443): Max retries exceeded with url: /upload/v1/CwABAAAAXAoAAS0hnvukYiYqCgACGKJlBGPwkzAMAAMLAAEAAAALRTA3RzJQV0g3UkQLAAIAAAALVTBBSjcxRUUzU1QLAAMAAAALRjBBUjg1ODhEMU4ACgAEAAAAAAAO1kYACwACAAAAFKwS2CS4v5UwT6XXU5nodLjT72P9AA (Caused by SSLError(SSLCertVerificationError(1, '[SSL: CERTIFICATE_VERIFY_FAILED] certificate verify failed: unable to get local issuer certificate (_ssl.c:1010)')))
[01:16:55] [Slack] PM: 다이잔 진행상황 알려줘~
[01:16:55] [Slack] 히스토리 1턴 복원
[01:16:55] [0.3s] [RAG] Electron /ask 호출 중...
[01:17:27] [32.6s] [RAG] Electron /ask 성공 (1522자)
[01:17:27] [32.6s] [Image] 자동 이미지 3개
[01:17:27] [32.6s] [완료] 답변 1522자 전송
[01:17:29] [Image] 업로드 실패 (416014685_06_ 캐릭터 _ 다이잔_1.png): HTTPSConnectionPool(host='files.slack.com', port=443): Max retries exceeded with url: /upload/v1/CwABAAAAXAoAASboCpK5apcKCgACGKJlW_mSn9AMAAMLAAEAAAALRTA3RzJQV0g3UkQLAAIAAAALVTBBSjcxRUUzU1QLAAMAAAALRjBBUUJSSE1HOUwACgAEAAAAAAADzcMACwACAAAAFGi-sSV_Z_qCC3Ztw_rmC9T8NpgSAA (Caused by SSLError(SSLCertVerificationError(1, '[SSL: CERTIFICATE_VERIFY_FAILED] certificate verify failed: unable to get local issuer certificate (_ssl.c:1010)')))
[01:17:30] [Image] 업로드 실패 (416014685_06_ 캐릭터 _ 다이잔_2.png): HTTPSConnectionPool(host='files.slack.com', port=443): Max retries exceeded with url: /upload/v1/CwABAAAAXAoAAUDtV5Nbb2LpCgACGKJlXDfiIcAMAAMLAAEAAAALRTA3RzJQV0g3UkQLAAIAAAALVTBBSjcxRUUzU1QLAAMAAAALRjBBUUhGRTIySEoACgAEAAAAAAAFc48ACwACAAAAFA6ekLhGQhwEAL-gu0w9kU33CoM4AA (Caused by SSLError(SSLCertVerificationError(1, '[SSL: CERTIFICATE_VERIFY_FAILED] certificate verify failed: unable to get local issuer certificate (_ssl.c:1010)')))
[01:17:31] [Image] 업로드 실패 (416014685_06_ 캐릭터 _ 다이잔_3.png): HTTPSConnectionPool(host='files.slack.com', port=443): Max retries exceeded with url: /upload/v1/CwABAAAAXAoAAZwl-ziul-k1CgACGKJlXHMsdhgMAAMLAAEAAAALRTA3RzJQV0g3UkQLAAIAAAALVTBBSjcxRUUzU1QLAAMAAAALRjBBUUFGQUFKRTkACgAEAAAAAAADzcMACwACAAAAFAj6T88cC1LevCCDEJt99nl5df6TAA (Caused by SSLError(SSLCertVerificationError(1, '[SSL: CERTIFICATE_VERIFY_FAILED] certificate verify failed: unable to get local issuer certificate (_ssl.c:1010)')))
[01:43:36] 🟢 Slack 봇 시작 — 모델: 렘브란트 맵 페르소나 설정 따름
[01:43:36] [READY] Slack bot started
[01:45:28] [쿼리정제] '미니 626 진행상황 알려줘' → '미니 626 진행상황'
[01:45:29] [Slack] PM: 미니 626 진행상황 알려줘
[01:45:29] [0.4s] [RAG] Electron /ask 호출 중...
[01:46:37] [68.1s] [RAG] Electron /ask 성공 (1429자)
[01:46:37] [68.1s] [Image] 자동 이미지 3개
[01:46:37] [68.1s] [완료] 답변 1451자 전송
[01:46:38] [Image] 업로드 실패 (프로젝트A_미니626_기초설정_키워드_p2_1.jpg): HTTPSConnectionPool(host='files.slack.com', port=443): Max retries exceeded with url: /upload/v1/CwABAAAAXAoAATPNxTfiKdxbCgACGKJm80ILWfgMAAMLAAEAAAALRTA3RzJQV0g3UkQLAAIAAAALVTBBSjcxRUUzU1QLAAMAAAALRjBBUFlIU01UTU0ACgAEAAAAAAABLwMACwACAAAAFAUJfpwXTd_FZu6J7EFIK70yxLzJAA (Caused by SSLError(SSLCertVerificationError(1, '[SSL: CERTIFICATE_VERIFY_FAILED] certificate verify failed: unable to get local issuer certificate (_ssl.c:1010)')))
[01:46:39] [Image] 업로드 실패 (프로젝트A_미니626_기초설정_키워드_p2_2.png): HTTPSConnectionPool(host='files.slack.com', port=443): Max retries exceeded with url: /upload/v1/CwABAAAAXAoAAX0cy4RcPd-6CgACGKJm84ABUggMAAMLAAEAAAALRTA3RzJQV0g3UkQLAAIAAAALVTBBSjcxRUUzU1QLAAMAAAALRjBBUjg5UjUyS0EACgAEAAAAAAAFlJkACwACAAAAFBbHMvCVBacDjdgLazjxJ89yiFKRAA (Caused by SSLError(SSLCertVerificationError(1, '[SSL: CERTIFICATE_VERIFY_FAILED] certificate verify failed: unable to get local issuer certificate (_ssl.c:1010)')))
[01:46:40] [Image] 업로드 실패 (프로젝트A_미니626_기초설정_키워드_p2_3.jpg): HTTPSConnectionPool(host='files.slack.com', port=443): Max retries exceeded with url: /upload/v1/CwABAAAAXAoAARYz2dgn2IpCCgACGKJm871XMbgMAAMLAAEAAAALRTA3RzJQV0g3UkQLAAIAAAALVTBBSjcxRUUzU1QLAAMAAAALRjBBUVNVMjRHNjUACgAEAAAAAAAApFsACwACAAAAFBHh4CcmFnwiXle8rDK99M-HmQ-aAA (Caused by SSLError(SSLCertVerificationError(1, '[SSL: CERTIFICATE_VERIFY_FAILED] certificate verify failed: unable to get local issuer certificate (_ssl.c:1010)')))
[01:58:56] 🟢 Slack 봇 시작 — 모델: 렘브란트 맵 페르소나 설정 따름
[01:58:56] [READY] Slack bot started
[02:03:19] [쿼리정제] '월영에 대해 알려줘' → '월영에 대해'
[02:03:19] [Slack] PM: 월영에 대해 알려줘
[02:03:20] [0.4s] [RAG] Electron /ask 호출 중...
[02:04:51] [91.9s] [RAG] Electron /ask 성공 (2289자)
[02:04:51] [91.9s] [완료] 답변 2329자 전송
[02:06:36] [쿼리정제] '월영 진행 상황 알려줘' → '월영 진행 상황'
[02:06:37] [Slack] PM: 월영 진행 상황 알려줘
[02:06:37] [Slack] 히스토리 1턴 복원
[02:06:37] [0.4s] [RAG] Electron /ask 호출 중...
[02:07:27] [50.8s] [RAG] Electron /ask 성공 (2285자)
[02:07:27] [50.8s] [Image] 자동 이미지 3개
[02:07:27] [50.8s] [완료] 답변 2319자 전송
[02:07:29] [Image] 업로드 실패 (2차_월영_20250528_p2_1.jpeg): HTTPSConnectionPool(host='files.slack.com', port=443): Max retries exceeded with url: /upload/v1/CwABAAAAXAoAAWinlvh3pGSZCgACGKJoFoAWltAMAAMLAAEAAAALRTA3RzJQV0g3UkQLAAIAAAALVTBBSjcxRUUzU1QLAAMAAAALRjBBUFlMSjk4VDEACgAEAAAAAAAAzZMACwACAAAAFFmQ1vKqUR9mT-rg_U2EeoZmKtdQAA (Caused by SSLError(SSLCertVerificationError(1, '[SSL: CERTIFICATE_VERIFY_FAILED] certificate verify failed: unable to get local issuer certificate (_ssl.c:1010)')))
[02:07:30] [Image] 업로드 실패 (2차_월영_20250528_p3_1.jpeg): HTTPSConnectionPool(host='files.slack.com', port=443): Max retries exceeded with url: /upload/v1/CwABAAAAXAoAATqKWT35vPc6CgACGKJoFr3EFDAMAAMLAAEAAAALRTA3RzJQV0g3UkQLAAIAAAALVTBBSjcxRUUzU1QLAAMAAAALRjBBUjhDSDcyOEcACgAEAAAAAAAAuZwACwACAAAAFL2Ookr9WcpZcjY704Xu1ie1h0SaAA (Caused by SSLError(SSLCertVerificationError(1, '[SSL: CERTIFICATE_VERIFY_FAILED] certificate verify failed: unable to get local issuer certificate (_ssl.c:1010)')))
[02:07:31] [Image] 업로드 실패 (2차_월영_20250528_p3_2.jpeg): HTTPSConnectionPool(host='files.slack.com', port=443): Max retries exceeded with url: /upload/v1/CwABAAAAXAoAAe4A0js66n9WCgACGKJoFvr-SdgMAAMLAAEAAAALRTA3RzJQV0g3UkQLAAIAAAALVTBBSjcxRUUzU1QLAAMAAAALRjBBUUhNVjBIVDYACgAEAAAAAAAAgRMACwACAAAAFLyF88clpQfbIW7r2NIdAatBv3ZSAA (Caused by SSLError(SSLCertVerificationError(1, '[SSL: CERTIFICATE_VERIFY_FAILED] certificate verify failed: unable to get local issuer certificate (_ssl.c:1010)')))
[02:26:07] 🟢 Slack 봇 시작 — 모델: 렘브란트 맵 페르소나 설정 따름
[02:26:07] [READY] Slack bot started
[06:29:17] 🟢 Slack 봇 시작 — 모델: 렘브란트 맵 페르소나 설정 따름
[06:29:17] [READY] Slack bot started
[08:10:28] 🟢 Slack 봇 시작 — 모델: 렘브란트 맵 페르소나 설정 따름
[08:10:28] [READY] Slack bot started
[08:12:09] [쿼리정제] '월영에 대해 정리해줘' → '월영에 대해'
[08:12:10] [Slack] PM: 월영에 대해 정리해줘
[08:12:10] [0.4s] [RAG] Electron /ask 호출 중...
[08:13:37] [87.0s] [RAG] Electron /ask 성공 (2211자)
[08:13:37] [87.0s] [완료] 답변 2237자 전송
[08:24:15] [쿼리정제] '보르후에 대해 알려줘' → '보르후에 대해'
[08:24:15] [Slack] PM: 보르후에 대해 알려줘
[08:24:15] [Slack] 히스토리 1턴 복원
[08:24:15] [0.4s] [RAG] Electron /ask 호출 중...
[08:25:24] [68.5s] [RAG] Electron /ask 성공 (3022자)
[08:25:24] [68.5s] [완료] 답변 3032자 전송
[10:18:43] 🟢 Slack 봇 시작 — 모델: 렘브란트 맵 페르소나 설정 따름
[10:18:43] [READY] Slack bot started
[10:19:38] 🟢 Slack 봇 시작 — 모델: 렘브란트 맵 페르소나 설정 따름
[10:19:38] [READY] Slack bot started
[10:23:09] [쿼리정제] '보르후에 대해 알려줘' → '보르후에 대해'
[10:23:09] [Slack] PM: 보르후에 대해 알려줘
[10:23:10] [0.4s] [RAG] Electron /ask 호출 중...
[10:24:44] [94.5s] [RAG] Electron /ask 성공 (2317자)
[10:24:44] [94.5s] [완료] 답변 2337자 전송
[10:24:44] [chat_update] 실패 (The request to the Slack API failed. (url: https://slack.com/api/chat.update)
[10:24:44] The server responded with: {'ok': False, 'error': 'msg_too_long'}), say 폴백
