[03:20:24] 🟢 Slack 봇 시작 — 모델: 렘브란트 맵 페르소나 설정 따름
[03:20:24] [READY] Slack bot started
[03:22:52] 🟢 Slack 봇 시작 — 모델: 렘브란트 맵 페르소나 설정 따름
[03:22:52] [READY] Slack bot started
[03:25:41] [쿼리정제] '월영 진행상황 알려줘' → '월영 진행상황'
[03:25:41] [Slack] PM: 월영 진행상황 알려줘
[03:25:42] [0.3s] [RAG] Electron /ask 호출 중...
[03:26:29] [48.1s] [RAG] Electron /ask 성공 (1575자)
[03:26:29] [48.1s] [Image] 자동 이미지 3개
[03:26:29] [48.1s] [완료] 답변 1615자 전송
[03:26:31] [Image] 업로드 실패 (2차_월영_20250528_p2_1.jpeg): HTTPSConnectionPool(host='files.slack.com', port=443): Max retries exceeded with url: /upload/v1/CwABAAAAXAoAAVeidQzGavX-CgACGKRD4foTFDgMAAMLAAEAAAALRTA3RzJQV0g3UkQLAAIAAAALVTBBSjcxRUUzU1QLAAMAAAALRjBBUkVKRTAzTjIACgAEAAAAAAAAzZMACwACAAAAFJ_Kcnf2JSEX3x2SkGvW21jV-Yl-AA (Caused by SSLError(SSLCertVerificationError(1, '[SSL: CERTIFICATE_VERIFY_FAILED] certificate verify failed: unable to get local issuer certificate (_ssl.c:1010)')))
[03:26:32] [Image] 업로드 실패 (2차_월영_20250528_p3_1.jpeg): HTTPSConnectionPool(host='files.slack.com', port=443): Max retries exceeded with url: /upload/v1/CwABAAAAXAoAAcpx_3ULqXhFCgACGKRD4kN3ImgMAAMLAAEAAAALRTA3RzJQV0g3UkQLAAIAAAALVTBBSjcxRUUzU1QLAAMAAAALRjBBU0FVRDVZRDYACgAEAAAAAAAAuZwACwACAAAAFEhNFna-Dc7DweJ-QXgqjSpDYOhdAA (Caused by SSLError(SSLCertVerificationError(1, '[SSL: CERTIFICATE_VERIFY_FAILED] certificate verify failed: unable to get local issuer certificate (_ssl.c:1010)')))
[03:26:34] [Image] 업로드 실패 (2차_월영_20250528_p3_2.jpeg): HTTPSConnectionPool(host='files.slack.com', port=443): Max retries exceeded with url: /upload/v1/CwABAAAAXAoAAapVKZ9ZCiiyCgACGKRD4orvWnAMAAMLAAEAAAALRTA3RzJQV0g3UkQLAAIAAAALVTBBSjcxRUUzU1QLAAMAAAALRjBBUkVKREtCNTQACgAEAAAAAAAAgRMACwACAAAAFHkmqr1s7N_XwPq6V9E-_k1aXkjHAA (Caused by SSLError(SSLCertVerificationError(1, '[SSL: CERTIFICATE_VERIFY_FAILED] certificate verify failed: unable to get local issuer certificate (_ssl.c:1010)')))
[07:48:42] 🟢 Slack 봇 시작 — 모델: 렘브란트 맵 페르소나 설정 따름
[07:48:42] [READY] Slack bot started
[18:55:07] [ERR] Failed to check the state of sock (session id: 1bdcce8c-2c83-4ee9-8c8f-22454b1c2533, error: SSLEOFError, message: EOF occurred in violation of protocol (_ssl.c:2427))
[18:55:17] [ERR] Failed to check the state of sock (session id: 1bdcce8c-2c83-4ee9-8c8f-22454b1c2533, error: SSLEOFError, message: EOF occurred in violation of protocol (_ssl.c:2427))
[18:55:27] [ERR] Failed to check the state of sock (session id: 1bdcce8c-2c83-4ee9-8c8f-22454b1c2533, error: SSLEOFError, message: EOF occurred in violation of protocol (_ssl.c:2427))
[18:55:37] [ERR] Failed to check the state of sock (session id: 1bdcce8c-2c83-4ee9-8c8f-22454b1c2533, error: SSLEOFError, message: EOF occurred in violation of protocol (_ssl.c:2427))
[18:55:47] [ERR] Failed to check the state of sock (session id: 1bdcce8c-2c83-4ee9-8c8f-22454b1c2533, error: SSLEOFError, message: EOF occurred in violation of protocol (_ssl.c:2427))
[18:55:48] ⚠️ Slack 연결 끊김 — 재연결 대기 중...
[18:55:48] 🔄 5초 후 재연결 시도... (#1)
[18:55:54] 🟢 Slack 재연결 성공
